// Jest Snapshot v1, https://goo.gl/fbAQLP

exports[`<Input /> should match snapshot 1`] = `
.c0 {
  width: 100%;
  position: relative;
}

.c1 {
  font-size: 1rem;
  padding: 0.9rem 2.5rem 0.9rem 0.5rem;
  outline: none;
  width: 100%;
  background-color: #FFFFFF;
  border: 1px solid #D6D6D6;
  color: #737373;
}

.c1::-webkit-search-decoration,
.c1::-webkit-search-cancel-button,
.c1::-webkit-search-results-button,
.c1::-webkit-search-results-decoration {
  display: none;
}

.c1::-webkit-input-placeholder {
  color: #737373;
  opacity: 1;
}

.c1::-moz-placeholder {
  color: #737373;
  opacity: 1;
}

.c1:-ms-input-placeholder {
  color: #737373;
  opacity: 1;
}

.c1::placeholder {
  color: #737373;
  opacity: 1;
}

.c1:-ms-input-placeholder {
  color: #737373;
}

<label
  class="c0"
>
  <input
    class="c1"
    data-testid="input"
    placeholder="placeholder"
    type="search"
  />
</label>
`;
